---
source: src/negative_tests.rs
expression: "serde_json::to_string(&mast).unwrap()"
snapshot_kind: text
---
{"functions":[["std/bits/nth_bit",{"kind":{"BuiltIn":[{"kind":{"Function":"Local"},"name":{"value":"nth_bit","span":{"filename_id":0,"start":0,"len":7}},"generics":{"parameters":{},"resolved_sig":null},"arguments":[{"name":{"value":"val","span":{"filename_id":0,"start":8,"len":3}},"typ":{"kind":{"Field":{"constant":false}},"span":{"filename_id":0,"start":13,"len":5}},"attribute":null,"span":{"filename_id":0,"start":8,"len":10}},{"name":{"value":"nth","span":{"filename_id":0,"start":26,"len":3}},"typ":{"kind":{"Field":{"constant":true}},"span":{"filename_id":0,"start":31,"len":5}},"attribute":{"kind":"Const","span":{"filename_id":0,"start":20,"len":5}},"span":{"filename_id":0,"start":20,"len":16}}],"return_type":{"kind":{"Field":{"constant":false}},"span":{"filename_id":0,"start":41,"len":5}}},"native function"]},"is_hint":false,"span":{"filename_id":0,"start":0,"len":0}}],["std/crypto/poseidon",{"kind":{"BuiltIn":[{"kind":{"Function":"Local"},"name":{"value":"poseidon","span":{"filename_id":0,"start":0,"len":8}},"generics":{"parameters":{},"resolved_sig":null},"arguments":[{"name":{"value":"input","span":{"filename_id":0,"start":9,"len":5}},"typ":{"kind":{"Array":[{"Field":{"constant":false}},2]},"span":{"filename_id":0,"start":16,"len":1}},"attribute":null,"span":{"filename_id":0,"start":9,"len":8}}],"return_type":{"kind":{"Array":[{"Field":{"constant":false}},3]},"span":{"filename_id":0,"start":31,"len":1}}},"native function"]},"is_hint":false,"span":{"filename_id":0,"start":0,"len":0}}],["std/builtins/log",{"kind":{"BuiltIn":[{"kind":{"Function":"Local"},"name":{"value":"log","span":{"filename_id":0,"start":0,"len":3}},"generics":{"parameters":{},"resolved_sig":null},"arguments":[{"name":{"value":"var","span":{"filename_id":0,"start":4,"len":3}},"typ":{"kind":{"Field":{"constant":false}},"span":{"filename_id":0,"start":9,"len":5}},"attribute":null,"span":{"filename_id":0,"start":4,"len":10}}],"return_type":null},"native function"]},"is_hint":false,"span":{"filename_id":0,"start":0,"len":0}}],["std/bits/check_field_size",{"kind":{"BuiltIn":[{"kind":{"Function":"Local"},"name":{"value":"check_field_size","span":{"filename_id":0,"start":0,"len":16}},"generics":{"parameters":{},"resolved_sig":null},"arguments":[{"name":{"value":"cmp","span":{"filename_id":0,"start":17,"len":3}},"typ":{"kind":{"Field":{"constant":false}},"span":{"filename_id":0,"start":22,"len":5}},"attribute":null,"span":{"filename_id":0,"start":17,"len":10}}],"return_type":null},"native function"]},"is_hint":false,"span":{"filename_id":0,"start":0,"len":0}}],["std/int/divmod",{"kind":{"BuiltIn":[{"kind":{"Function":"Local"},"name":{"value":"divmod","span":{"filename_id":0,"start":0,"len":6}},"generics":{"parameters":{},"resolved_sig":null},"arguments":[{"name":{"value":"dividend","span":{"filename_id":0,"start":7,"len":8}},"typ":{"kind":{"Field":{"constant":false}},"span":{"filename_id":0,"start":17,"len":5}},"attribute":null,"span":{"filename_id":0,"start":7,"len":15}},{"name":{"value":"divisor","span":{"filename_id":0,"start":24,"len":7}},"typ":{"kind":{"Field":{"constant":false}},"span":{"filename_id":0,"start":33,"len":5}},"attribute":null,"span":{"filename_id":0,"start":24,"len":14}}],"return_type":{"kind":{"Array":[{"Field":{"constant":false}},2]},"span":{"filename_id":0,"start":43,"len":1}}},"native function"]},"is_hint":false,"span":{"filename_id":0,"start":0,"len":0}}],["std/builtins/assert",{"kind":{"BuiltIn":[{"kind":{"Function":"Local"},"name":{"value":"assert","span":{"filename_id":0,"start":0,"len":6}},"generics":{"parameters":{},"resolved_sig":null},"arguments":[{"name":{"value":"condition","span":{"filename_id":0,"start":7,"len":9}},"typ":{"kind":"Bool","span":{"filename_id":0,"start":18,"len":4}},"attribute":null,"span":{"filename_id":0,"start":7,"len":15}}],"return_type":null},"native function"]},"is_hint":false,"span":{"filename_id":0,"start":0,"len":0}}],["std/builtins/assert_eq",{"kind":{"BuiltIn":[{"kind":{"Function":"Local"},"name":{"value":"assert_eq","span":{"filename_id":0,"start":0,"len":9}},"generics":{"parameters":{},"resolved_sig":null},"arguments":[{"name":{"value":"lhs","span":{"filename_id":0,"start":10,"len":3}},"typ":{"kind":{"Field":{"constant":false}},"span":{"filename_id":0,"start":15,"len":5}},"attribute":null,"span":{"filename_id":0,"start":10,"len":10}},{"name":{"value":"rhs","span":{"filename_id":0,"start":22,"len":3}},"typ":{"kind":{"Field":{"constant":false}},"span":{"filename_id":0,"start":27,"len":5}},"attribute":null,"span":{"filename_id":0,"start":22,"len":10}}],"return_type":null},"native function"]},"is_hint":false,"span":{"filename_id":0,"start":0,"len":0}}],["main",{"kind":{"Native":{"is_hint":false,"sig":{"kind":{"Function":"Local"},"name":{"value":"main","span":{"filename_id":1,"start":53,"len":4}},"generics":{"parameters":{},"resolved_sig":null},"arguments":[{"name":{"value":"xx","span":{"filename_id":1,"start":58,"len":2}},"typ":{"kind":{"Field":{"constant":false}},"span":{"filename_id":1,"start":62,"len":5}},"attribute":null,"span":{"filename_id":1,"start":58,"len":9}}],"return_type":{"kind":{"Custom":{"module":"Local","name":"Thing"}},"span":{"filename_id":1,"start":72,"len":5}}},"body":[{"kind":{"Assign":{"mutable":true,"lhs":{"value":"thing","span":{"filename_id":1,"start":96,"len":5}},"rhs":{"node_id":10,"kind":{"CustomTypeDeclaration":{"custom":{"module":"Local","name":"Thing","span":{"filename_id":1,"start":104,"len":5}},"fields":[[{"value":"val","span":{"filename_id":1,"start":112,"len":3}},{"node_id":9,"kind":{"BigUInt":[3]},"span":{"filename_id":1,"start":117,"len":1}}]]}},"span":{"filename_id":1,"start":104,"len":14}}}},"span":{"filename_id":1,"start":88,"len":30}},{"kind":{"Expr":{"node_id":14,"kind":{"Assignment":{"lhs":{"node_id":12,"kind":{"FieldAccess":{"lhs":{"node_id":11,"kind":{"Variable":{"module":"Local","name":{"value":"thing","span":{"filename_id":1,"start":130,"len":5}}}},"span":{"filename_id":1,"start":130,"len":5}},"rhs":{"value":"val","span":{"filename_id":1,"start":136,"len":3}}}},"span":{"filename_id":1,"start":130,"len":9}},"rhs":{"node_id":13,"kind":{"Variable":{"module":"Local","name":{"value":"xx","span":{"filename_id":1,"start":142,"len":2}}}},"span":{"filename_id":1,"start":142,"len":2}}}},"span":{"filename_id":1,"start":130,"len":14}}},"span":{"filename_id":1,"start":130,"len":14}},{"kind":{"Return":{"node_id":15,"kind":{"Variable":{"module":"Local","name":{"value":"thing","span":{"filename_id":1,"start":161,"len":5}}}},"span":{"filename_id":1,"start":161,"len":5}}},"span":{"filename_id":1,"start":154,"len":13}}],"span":{"filename_id":1,"start":53,"len":114}}},"is_hint":false,"span":{"filename_id":1,"start":53,"len":114}}]],"structs":[["Thing",{"name":"Thing","fields":[["val",{"Field":{"constant":false}}]],"methods":{}}]],"constants":[],"node_types":{"12":{"Field":{"constant":false}},"13":{"Field":{"constant":false}},"8":{"Custom":{"module":"Local","name":"Thing"}},"3":{"Custom":{"module":"Local","name":"Thing"}},"2":{"Field":{"constant":true}},"9":{"Field":{"constant":true}},"11":{"Custom":{"module":"Local","name":"Thing"}},"15":{"Custom":{"module":"Local","name":"Thing"}},"4":{"Custom":{"module":"Local","name":"Thing"}},"10":{"Custom":{"module":"Local","name":"Thing"}},"5":{"Field":{"constant":true}},"6":{"Field":{"constant":false}}},"node_id":15}
